../Core/Src/shield_abstraction.c:13:6:led_registers_init	16	static
../Core/Src/shield_abstraction.c:24:6:update_leds	24	static
../Core/Src/shield_abstraction.c:38:8:traffic_state_init	16	static
../Core/Src/shield_abstraction.c:55:6:check_car	16	static
../Core/Src/shield_abstraction.c:91:6:set_led_all	16	static
../Core/Src/shield_abstraction.c:117:6:set_led	16	static
../Core/Src/shield_abstraction.c:146:6:north_leds	16	static
../Core/Src/shield_abstraction.c:166:6:west_leds	16	static
../Core/Src/shield_abstraction.c:186:6:south_leds	16	static
../Core/Src/shield_abstraction.c:206:6:east_leds	16	static
../Core/Src/shield_abstraction.c:227:6:north_traffic_light	16	static
../Core/Src/shield_abstraction.c:288:6:west_traffic_light	16	static
../Core/Src/shield_abstraction.c:349:6:south_traffic_light	16	static
../Core/Src/shield_abstraction.c:410:6:east_traffic_light	16	static
../Core/Src/shield_abstraction.c:471:6:north_pedestrian_light	16	static
../Core/Src/shield_abstraction.c:532:6:west_pedestrian_light	16	static
